Archive member included to satisfy reference by file (symbol)

d:/stmcubeide/stm32cubeide_1.7.0/stm32cubeide/plugins/com.st.stm32cube.ide.mcu.externaltools.gnu-tools-for-stm32.9-2020-q2-update.win32_2.0.0.202105311346/tools/bin/../lib/gcc/arm-none-eabi/9.3.1/../../../../arm-none-eabi/lib/thumb/v7-m/nofp\libc_nano.a(lib_a-errno.o)
                              ./Core/Src/syscalls.o (__errno)
d:/stmcubeide/stm32cubeide_1.7.0/stm32cubeide/plugins/com.st.stm32cube.ide.mcu.externaltools.gnu-tools-for-stm32.9-2020-q2-update.win32_2.0.0.202105311346/tools/bin/../lib/gcc/arm-none-eabi/9.3.1/../../../../arm-none-eabi/lib/thumb/v7-m/nofp\libc_nano.a(lib_a-exit.o)
                              d:/stmcubeide/stm32cubeide_1.7.0/stm32cubeide/plugins/com.st.stm32cube.ide.mcu.externaltools.gnu-tools-for-stm32.9-2020-q2-update.win32_2.0.0.202105311346/tools/bin/../lib/gcc/arm-none-eabi/9.3.1/../../../../arm-none-eabi/lib/thumb/v7-m/nofp/crt0.o (exit)
d:/stmcubeide/stm32cubeide_1.7.0/stm32cubeide/plugins/com.st.stm32cube.ide.mcu.externaltools.gnu-tools-for-stm32.9-2020-q2-update.win32_2.0.0.202105311346/tools/bin/../lib/gcc/arm-none-eabi/9.3.1/../../../../arm-none-eabi/lib/thumb/v7-m/nofp\libc_nano.a(lib_a-impure.o)
                              d:/stmcubeide/stm32cubeide_1.7.0/stm32cubeide/plugins/com.st.stm32cube.ide.mcu.externaltools.gnu-tools-for-stm32.9-2020-q2-update.win32_2.0.0.202105311346/tools/bin/../lib/gcc/arm-none-eabi/9.3.1/../../../../arm-none-eabi/lib/thumb/v7-m/nofp\libc_nano.a(lib_a-exit.o) (_global_impure_ptr)
d:/stmcubeide/stm32cubeide_1.7.0/stm32cubeide/plugins/com.st.stm32cube.ide.mcu.externaltools.gnu-tools-for-stm32.9-2020-q2-update.win32_2.0.0.202105311346/tools/bin/../lib/gcc/arm-none-eabi/9.3.1/../../../../arm-none-eabi/lib/thumb/v7-m/nofp\libc_nano.a(lib_a-init.o)
                              d:/stmcubeide/stm32cubeide_1.7.0/stm32cubeide/plugins/com.st.stm32cube.ide.mcu.externaltools.gnu-tools-for-stm32.9-2020-q2-update.win32_2.0.0.202105311346/tools/bin/../lib/gcc/arm-none-eabi/9.3.1/../../../../arm-none-eabi/lib/thumb/v7-m/nofp/crt0.o (__libc_init_array)
d:/stmcubeide/stm32cubeide_1.7.0/stm32cubeide/plugins/com.st.stm32cube.ide.mcu.externaltools.gnu-tools-for-stm32.9-2020-q2-update.win32_2.0.0.202105311346/tools/bin/../lib/gcc/arm-none-eabi/9.3.1/../../../../arm-none-eabi/lib/thumb/v7-m/nofp\libc_nano.a(lib_a-memset.o)
                              d:/stmcubeide/stm32cubeide_1.7.0/stm32cubeide/plugins/com.st.stm32cube.ide.mcu.externaltools.gnu-tools-for-stm32.9-2020-q2-update.win32_2.0.0.202105311346/tools/bin/../lib/gcc/arm-none-eabi/9.3.1/../../../../arm-none-eabi/lib/thumb/v7-m/nofp/crt0.o (memset)

Allocating common symbols
Common symbol       size              file

uwTick              0x4               ./Drivers/STM32F1xx_HAL_Driver/Src/stm32f1xx_hal.o
pFlash              0x20              ./Drivers/STM32F1xx_HAL_Driver/Src/stm32f1xx_hal_flash.o
htim2               0x48              ./Core/Src/main.o

Discarded input sections

 .text          0x0000000000000000        0x0 d:/stmcubeide/stm32cubeide_1.7.0/stm32cubeide/plugins/com.st.stm32cube.ide.mcu.externaltools.gnu-tools-for-stm32.9-2020-q2-update.win32_2.0.0.202105311346/tools/bin/../lib/gcc/arm-none-eabi/9.3.1/thumb/v7-m/nofp/crti.o
 .data          0x0000000000000000        0x0 d:/stmcubeide/stm32cubeide_1.7.0/stm32cubeide/plugins/com.st.stm32cube.ide.mcu.externaltools.gnu-tools-for-stm32.9-2020-q2-update.win32_2.0.0.202105311346/tools/bin/../lib/gcc/arm-none-eabi/9.3.1/thumb/v7-m/nofp/crti.o
 .bss           0x0000000000000000        0x0 d:/stmcubeide/stm32cubeide_1.7.0/stm32cubeide/plugins/com.st.stm32cube.ide.mcu.externaltools.gnu-tools-for-stm32.9-2020-q2-update.win32_2.0.0.202105311346/tools/bin/../lib/gcc/arm-none-eabi/9.3.1/thumb/v7-m/nofp/crti.o
 .data          0x0000000000000000        0x4 d:/stmcubeide/stm32cubeide_1.7.0/stm32cubeide/plugins/com.st.stm32cube.ide.mcu.externaltools.gnu-tools-for-stm32.9-2020-q2-update.win32_2.0.0.202105311346/tools/bin/../lib/gcc/arm-none-eabi/9.3.1/thumb/v7-m/nofp/crtbegin.o
 .text          0x0000000000000000       0x7c d:/stmcubeide/stm32cubeide_1.7.0/stm32cubeide/plugins/com.st.stm32cube.ide.mcu.externaltools.gnu-tools-for-stm32.9-2020-q2-update.win32_2.0.0.202105311346/tools/bin/../lib/gcc/arm-none-eabi/9.3.1/../../../../arm-none-eabi/lib/thumb/v7-m/nofp/crt0.o
 .data          0x0000000000000000        0x0 d:/stmcubeide/stm32cubeide_1.7.0/stm32cubeide/plugins/com.st.stm32cube.ide.mcu.externaltools.gnu-tools-for-stm32.9-2020-q2-update.win32_2.0.0.202105311346/tools/bin/../lib/gcc/arm-none-eabi/9.3.1/../../../../arm-none-eabi/lib/thumb/v7-m/nofp/crt0.o
 .bss           0x0000000000000000        0x0 d:/stmcubeide/stm32cubeide_1.7.0/stm32cubeide/plugins/com.st.stm32cube.ide.mcu.externaltools.gnu-tools-for-stm32.9-2020-q2-update.win32_2.0.0.202105311346/tools/bin/../lib/gcc/arm-none-eabi/9.3.1/../../../../arm-none-eabi/lib/thumb/v7-m/nofp/crt0.o
[...]
Memory Configuration

Name             Origin             Length             Attributes
RAM              0x0000000020000000 0x0000000000002800 xrw
FLASH            0x0000000008000000 0x0000000000008000 xr
*default*        0x0000000000000000 0xffffffffffffffff

Linker script and memory map

LOAD d:/stmcubeide/stm32cubeide_1.7.0/stm32cubeide/plugins/com.st.stm32cube.ide.mcu.externaltools.gnu-tools-for-stm32.9-2020-q2-update.win32_2.0.0.202105311346/tools/bin/../lib/gcc/arm-none-eabi/9.3.1/thumb/v7-m/nofp/crti.o
LOAD d:/stmcubeide/stm32cubeide_1.7.0/stm32cubeide/plugins/com.st.stm32cube.ide.mcu.externaltools.gnu-tools-for-stm32.9-2020-q2-update.win32_2.0.0.202105311346/tools/bin/../lib/gcc/arm-none-eabi/9.3.1/thumb/v7-m/nofp/crtbegin.o
LOAD d:/stmcubeide/stm32cubeide_1.7.0/stm32cubeide/plugins/com.st.stm32cube.ide.mcu.externaltools.gnu-tools-for-stm32.9-2020-q2-update.win32_2.0.0.202105311346/tools/bin/../lib/gcc/arm-none-eabi/9.3.1/../../../../arm-none-eabi/lib/thumb/v7-m/nofp/crt0.o
LOAD ./Core/Src/ex10.o
LOAD ./Core/Src/ex8.o
LOAD ./Core/Src/main.o
LOAD ./Core/Src/software_interrupt.o
LOAD ./Core/Src/stm32f1xx_hal_msp.o
LOAD ./Core/Src/stm32f1xx_it.o
LOAD ./Core/Src/syscalls.o
LOAD ./Core/Src/sysmem.o
LOAD ./Core/Src/system_stm32f1xx.o
LOAD ./Core/Startup/startup_stm32f103c6ux.o
LOAD ./Drivers/STM32F1xx_HAL_Driver/Src/stm32f1xx_hal.o
LOAD ./Drivers/STM32F1xx_HAL_Driver/Src/stm32f1xx_hal_cortex.o
LOAD ./Drivers/STM32F1xx_HAL_Driver/Src/stm32f1xx_hal_dma.o
LOAD ./Drivers/STM32F1xx_HAL_Driver/Src/stm32f1xx_hal_exti.o
LOAD ./Drivers/STM32F1xx_HAL_Driver/Src/stm32f1xx_hal_flash.o
LOAD ./Drivers/STM32F1xx_HAL_Driver/Src/stm32f1xx_hal_flash_ex.o
LOAD ./Drivers/STM32F1xx_HAL_Driver/Src/stm32f1xx_hal_gpio.o
LOAD ./Drivers/STM32F1xx_HAL_Driver/Src/stm32f1xx_hal_gpio_ex.o
LOAD ./Drivers/STM32F1xx_HAL_Driver/Src/stm32f1xx_hal_pwr.o
LOAD ./Drivers/STM32F1xx_HAL_Driver/Src/stm32f1xx_hal_rcc.o
LOAD ./Drivers/STM32F1xx_HAL_Driver/Src/stm32f1xx_hal_rcc_ex.o
LOAD ./Drivers/STM32F1xx_HAL_Driver/Src/stm32f1xx_hal_tim.o
LOAD ./Drivers/STM32F1xx_HAL_Driver/Src/stm32f1xx_hal_tim_ex.o
START GROUP
LOAD d:/stmcubeide/stm32cubeide_1.7.0/stm32cubeide/plugins/com.st.stm32cube.ide.mcu.externaltools.gnu-tools-for-stm32.9-2020-q2-update.win32_2.0.0.202105311346/tools/bin/../lib/gcc/arm-none-eabi/9.3.1/../../../../arm-none-eabi/lib/thumb/v7-m/nofp\libc_nano.a
LOAD d:/stmcubeide/stm32cubeide_1.7.0/stm32cubeide/plugins/com.st.stm32cube.ide.mcu.externaltools.gnu-tools-for-stm32.9-2020-q2-update.win32_2.0.0.202105311346/tools/bin/../lib/gcc/arm-none-eabi/9.3.1/../../../../arm-none-eabi/lib/thumb/v7-m/nofp\libm.a
END GROUP
START GROUP
LOAD d:/stmcubeide/stm32cubeide_1.7.0/stm32cubeide/plugins/com.st.stm32cube.ide.mcu.externaltools.gnu-tools-for-stm32.9-2020-q2-update.win32_2.0.0.202105311346/tools/bin/../lib/gcc/arm-none-eabi/9.3.1/thumb/v7-m/nofp\libgcc.a
LOAD d:/stmcubeide/stm32cubeide_1.7.0/stm32cubeide/plugins/com.st.stm32cube.ide.mcu.externaltools.gnu-tools-for-stm32.9-2020-q2-update.win32_2.0.0.202105311346/tools/bin/../lib/gcc/arm-none-eabi/9.3.1/../../../../arm-none-eabi/lib/thumb/v7-m/nofp\libc_nano.a
END GROUP
START GROUP
LOAD d:/stmcubeide/stm32cubeide_1.7.0/stm32cubeide/plugins/com.st.stm32cube.ide.mcu.externaltools.gnu-tools-for-stm32.9-2020-q2-update.win32_2.0.0.202105311346/tools/bin/../lib/gcc/arm-none-eabi/9.3.1/thumb/v7-m/nofp\libgcc.a
LOAD d:/stmcubeide/stm32cubeide_1.7.0/stm32cubeide/plugins/com.st.stm32cube.ide.mcu.externaltools.gnu-tools-for-stm32.9-2020-q2-update.win32_2.0.0.202105311346/tools/bin/../lib/gcc/arm-none-eabi/9.3.1/../../../../arm-none-eabi/lib/thumb/v7-m/nofp\libc_nano.a
LOAD d:/stmcubeide/stm32cubeide_1.7.0/stm32cubeide/plugins/com.st.stm32cube.ide.mcu.externaltools.gnu-tools-for-stm32.9-2020-q2-update.win32_2.0.0.202105311346/tools/bin/../lib/gcc/arm-none-eabi/9.3.1/../../../../arm-none-eabi/lib/thumb/v7-m/nofp\libnosys.a
END GROUP
START GROUP
LOAD d:/stmcubeide/stm32cubeide_1.7.0/stm32cubeide/plugins/com.st.stm32cube.ide.mcu.externaltools.gnu-tools-for-stm32.9-2020-q2-update.win32_2.0.0.202105311346/tools/bin/../lib/gcc/arm-none-eabi/9.3.1/thumb/v7-m/nofp\libgcc.a
LOAD d:/stmcubeide/stm32cubeide_1.7.0/stm32cubeide/plugins/com.st.stm32cube.ide.mcu.externaltools.gnu-tools-for-stm32.9-2020-q2-update.win32_2.0.0.202105311346/tools/bin/../lib/gcc/arm-none-eabi/9.3.1/../../../../arm-none-eabi/lib/thumb/v7-m/nofp\libc_nano.a
LOAD d:/stmcubeide/stm32cubeide_1.7.0/stm32cubeide/plugins/com.st.stm32cube.ide.mcu.externaltools.gnu-tools-for-stm32.9-2020-q2-update.win32_2.0.0.202105311346/tools/bin/../lib/gcc/arm-none-eabi/9.3.1/../../../../arm-none-eabi/lib/thumb/v7-m/nofp\libnosys.a
END GROUP
LOAD d:/stmcubeide/stm32cubeide_1.7.0/stm32cubeide/plugins/com.st.stm32cube.ide.mcu.externaltools.gnu-tools-for-stm32.9-2020-q2-update.win32_2.0.0.202105311346/tools/bin/../lib/gcc/arm-none-eabi/9.3.1/thumb/v7-m/nofp/crtend.o
LOAD d:/stmcubeide/stm32cubeide_1.7.0/stm32cubeide/plugins/com.st.stm32cube.ide.mcu.externaltools.gnu-tools-for-stm32.9-2020-q2-update.win32_2.0.0.202105311346/tools/bin/../lib/gcc/arm-none-eabi/9.3.1/thumb/v7-m/nofp/crtn.o
                0x0000000020002800                _estack = (ORIGIN (RAM) + LENGTH (RAM))
                0x0000000000000200                _Min_Heap_Size = 0x200
                0x0000000000000400                _Min_Stack_Size = 0x400

.isr_vector     0x0000000008000000      0x10c
                0x0000000008000000                . = ALIGN (0x4)
 *(.isr_vector)
 .isr_vector    0x0000000008000000      0x10c ./Core/Startup/startup_stm32f103c6ux.o
                0x0000000008000000                g_pfnVectors
                0x000000000800010c                . = ALIGN (0x4)

.text           0x000000000800010c     0x24b4
                0x000000000800010c                . = ALIGN (0x4)
 *(.text)
 .text          0x000000000800010c       0x40 d:/stmcubeide/stm32cubeide_1.7.0/stm32cubeide/plugins/com.st.stm32cube.ide.mcu.externaltools.gnu-tools-for-stm32.9-2020-q2-update.win32_2.0.0.202105311346/tools/bin/../lib/gcc/arm-none-eabi/9.3.1/thumb/v7-m/nofp/crtbegin.o
 *(.text*)
 .text.displayLEDMatrix
                0x000000000800014c      0x190 ./Core/Src/ex10.o
                0x000000000800014c                displayLEDMatrix
 .text.updateLEDMatrix
                0x00000000080002dc       0xbc ./Core/Src/ex10.o
                0x00000000080002dc                updateLEDMatrix
 .text.ex10Run  0x0000000008000398       0x30 ./Core/Src/ex10.o
                0x0000000008000398                ex10Run
 .text.shiftLEDMatrix
                0x00000000080003c8      0x104 ./Core/Src/ex10.o
                0x00000000080003c8                shiftLEDMatrix
 .text.display7SEG
                0x00000000080004cc      0x364 ./Core/Src/ex8.o
                0x00000000080004cc                display7SEG
 .text.blinkDOT
                0x0000000008000830       0x14 ./Core/Src/ex8.o
                0x0000000008000830                blinkDOT
 .text.update7SEG
                0x0000000008000844      0x114 ./Core/Src/ex8.o
                0x0000000008000844                update7SEG
 .text.ex4Run   0x0000000008000958       0x2c ./Core/Src/ex8.o
                0x0000000008000958                ex4Run
 .text.updateClockBuffer
                0x0000000008000984       0xb0 ./Core/Src/ex8.o
                0x0000000008000984                updateClockBuffer
 .text.main     0x0000000008000a34       0xe4 ./Core/Src/main.o
                0x0000000008000a34                main
 .text.SystemClock_Config
                0x0000000008000b18       0x76 ./Core/Src/main.o
                0x0000000008000b18                SystemClock_Config
 *fill*         0x0000000008000b8e        0x2 
 .text.MX_TIM2_Init
                0x0000000008000b90       0x98 ./Core/Src/main.o
 .text.MX_GPIO_Init
                0x0000000008000c28       0xac ./Core/Src/main.o
 .text.HAL_TIM_PeriodElapsedCallback
                0x0000000008000cd4       0x1c ./Core/Src/main.o
                0x0000000008000cd4                HAL_TIM_PeriodElapsedCallback
 .text.Error_Handler
                0x0000000008000cf0        0xa ./Core/Src/main.o
                0x0000000008000cf0                Error_Handler
 *fill*         0x0000000008000cfa        0x2 
 .text.setTimer0
                0x0000000008000cfc       0x38 ./Core/Src/software_interrupt.o
                0x0000000008000cfc                setTimer0
 .text.timerRun0
                0x0000000008000d34       0x34 ./Core/Src/software_interrupt.o
                0x0000000008000d34                timerRun0
 .text.setTimer1
                0x0000000008000d68       0x38 ./Core/Src/software_interrupt.o
                0x0000000008000d68                setTimer1
 .text.timerRun1
                0x0000000008000da0       0x34 ./Core/Src/software_interrupt.o
                0x0000000008000da0                timerRun1
 .text.setTimer2
                0x0000000008000dd4       0x38 ./Core/Src/software_interrupt.o
                0x0000000008000dd4                setTimer2
 .text.timerRun2
                0x0000000008000e0c       0x34 ./Core/Src/software_interrupt.o
                0x0000000008000e0c                timerRun2
 .text.HAL_MspInit
                0x0000000008000e40       0x64 ./Core/Src/stm32f1xx_hal_msp.o
                0x0000000008000e40                HAL_MspInit
 .text.HAL_TIM_Base_MspInit
                0x0000000008000ea4       0x48 ./Core/Src/stm32f1xx_hal_msp.o
                0x0000000008000ea4                HAL_TIM_Base_MspInit
 .text.NMI_Handler
                0x0000000008000eec        0x6 ./Core/Src/stm32f1xx_it.o
                0x0000000008000eec                NMI_Handler
 .text.HardFault_Handler
                0x0000000008000ef2        0x6 ./Core/Src/stm32f1xx_it.o
                0x0000000008000ef2                HardFault_Handler
 .text.MemManage_Handler
                0x0000000008000ef8        0x6 ./Core/Src/stm32f1xx_it.o
                0x0000000008000ef8                MemManage_Handler
 .text.BusFault_Handler
                0x0000000008000efe        0x6 ./Core/Src/stm32f1xx_it.o
                0x0000000008000efe                BusFault_Handler
 .text.UsageFault_Handler
                0x0000000008000f04        0x6 ./Core/Src/stm32f1xx_it.o
                0x0000000008000f04                UsageFault_Handler
 .text.SVC_Handler
                0x0000000008000f0a        0xc ./Core/Src/stm32f1xx_it.o
                0x0000000008000f0a                SVC_Handler
 .text.DebugMon_Handler
                0x0000000008000f16        0xc ./Core/Src/stm32f1xx_it.o
                0x0000000008000f16                DebugMon_Handler
 .text.PendSV_Handler
                0x0000000008000f22        0xc ./Core/Src/stm32f1xx_it.o
                0x0000000008000f22                PendSV_Handler
 .text.SysTick_Handler
                0x0000000008000f2e        0xc ./Core/Src/stm32f1xx_it.o
                0x0000000008000f2e                SysTick_Handler
 *fill*         0x0000000008000f3a        0x2 
 .text.TIM2_IRQHandler
                0x0000000008000f3c       0x14 ./Core/Src/stm32f1xx_it.o
                0x0000000008000f3c                TIM2_IRQHandler
 .text.SystemInit
                0x0000000008000f50        0xc ./Core/Src/system_stm32f1xx.o
                0x0000000008000f50                SystemInit
 .text.Reset_Handler
                0x0000000008000f5c       0x48 ./Core/Startup/startup_stm32f103c6ux.o
                0x0000000008000f5c                Reset_Handler
 .text.Default_Handler
                0x0000000008000fa4        0x2 ./Core/Startup/startup_stm32f103c6ux.o
                0x0000000008000fa4                RTC_Alarm_IRQHandler
                0x0000000008000fa4                EXTI2_IRQHandler
                0x0000000008000fa4                TIM1_CC_IRQHandler
                0x0000000008000fa4                PVD_IRQHandler
                0x0000000008000fa4                EXTI3_IRQHandler
                0x0000000008000fa4                EXTI0_IRQHandler
                0x0000000008000fa4                ADC1_2_IRQHandler
                0x0000000008000fa4                SPI1_IRQHandler
                0x0000000008000fa4                TAMPER_IRQHandler
                0x0000000008000fa4                DMA1_Channel4_IRQHandler
                0x0000000008000fa4                RTC_IRQHandler
                0x0000000008000fa4                DMA1_Channel7_IRQHandler
                0x0000000008000fa4                CAN1_RX1_IRQHandler
                0x0000000008000fa4                I2C1_EV_IRQHandler
                0x0000000008000fa4                DMA1_Channel6_IRQHandler
                0x0000000008000fa4                TIM3_IRQHandler
                0x0000000008000fa4                RCC_IRQHandler
                0x0000000008000fa4                TIM1_TRG_COM_IRQHandler
                0x0000000008000fa4                DMA1_Channel1_IRQHandler
                0x0000000008000fa4                Default_Handler
                0x0000000008000fa4                EXTI15_10_IRQHandler
                0x0000000008000fa4                EXTI9_5_IRQHandler
                0x0000000008000fa4                DMA1_Channel5_IRQHandler
                0x0000000008000fa4                EXTI4_IRQHandler
                0x0000000008000fa4                USB_LP_CAN1_RX0_IRQHandler
                0x0000000008000fa4                USB_HP_CAN1_TX_IRQHandler
                0x0000000008000fa4                DMA1_Channel3_IRQHandler
                0x0000000008000fa4                TIM1_UP_IRQHandler
                0x0000000008000fa4                WWDG_IRQHandler
                0x0000000008000fa4                TIM1_BRK_IRQHandler
                0x0000000008000fa4                EXTI1_IRQHandler
                0x0000000008000fa4                USART2_IRQHandler
                0x0000000008000fa4                DMA1_Channel2_IRQHandler
                0x0000000008000fa4                CAN1_SCE_IRQHandler
                0x0000000008000fa4                FLASH_IRQHandler
                0x0000000008000fa4                USART1_IRQHandler
                0x0000000008000fa4                I2C1_ER_IRQHandler
                0x0000000008000fa4                USBWakeUp_IRQHandler
 *fill*         0x0000000008000fa6        0x2 
 .text.HAL_Init
                0x0000000008000fa8       0x2c ./Drivers/STM32F1xx_HAL_Driver/Src/stm32f1xx_hal.o
                0x0000000008000fa8                HAL_Init
 .text.HAL_InitTick
                0x0000000008000fd4       0x60 ./Drivers/STM32F1xx_HAL_Driver/Src/stm32f1xx_hal.o
                0x0000000008000fd4                HAL_InitTick
 .text.HAL_IncTick
                0x0000000008001034       0x24 ./Drivers/STM32F1xx_HAL_Driver/Src/stm32f1xx_hal.o
                0x0000000008001034                HAL_IncTick
 .text.HAL_GetTick
                0x0000000008001058       0x14 ./Drivers/STM32F1xx_HAL_Driver/Src/stm32f1xx_hal.o
                0x0000000008001058                HAL_GetTick
 .text.__NVIC_SetPriorityGrouping
                0x000000000800106c       0x48 ./Drivers/STM32F1xx_HAL_Driver/Src/stm32f1xx_hal_cortex.o
 .text.__NVIC_GetPriorityGrouping
                0x00000000080010b4       0x1c ./Drivers/STM32F1xx_HAL_Driver/Src/stm32f1xx_hal_cortex.o
 .text.__NVIC_EnableIRQ
                0x00000000080010d0       0x38 ./Drivers/STM32F1xx_HAL_Driver/Src/stm32f1xx_hal_cortex.o
 .text.__NVIC_SetPriority
                0x0000000008001108       0x54 ./Drivers/STM32F1xx_HAL_Driver/Src/stm32f1xx_hal_cortex.o
 .text.NVIC_EncodePriority
                0x000000000800115c       0x64 ./Drivers/STM32F1xx_HAL_Driver/Src/stm32f1xx_hal_cortex.o
 .text.SysTick_Config
                0x00000000080011c0       0x44 ./Drivers/STM32F1xx_HAL_Driver/Src/stm32f1xx_hal_cortex.o
 .text.HAL_NVIC_SetPriorityGrouping
                0x0000000008001204       0x16 ./Drivers/STM32F1xx_HAL_Driver/Src/stm32f1xx_hal_cortex.o
                0x0000000008001204                HAL_NVIC_SetPriorityGrouping
 .text.HAL_NVIC_SetPriority
                0x000000000800121a       0x38 ./Drivers/STM32F1xx_HAL_Driver/Src/stm32f1xx_hal_cortex.o
                0x000000000800121a                HAL_NVIC_SetPriority
 .text.HAL_NVIC_EnableIRQ
                0x0000000008001252       0x1c ./Drivers/STM32F1xx_HAL_Driver/Src/stm32f1xx_hal_cortex.o
                0x0000000008001252                HAL_NVIC_EnableIRQ
 .text.HAL_SYSTICK_Config
                0x000000000800126e       0x18 ./Drivers/STM32F1xx_HAL_Driver/Src/stm32f1xx_hal_cortex.o
                0x000000000800126e                HAL_SYSTICK_Config
 *fill*         0x0000000008001286        0x2 
 .text.HAL_GPIO_Init
                0x0000000008001288      0x2f4 ./Drivers/STM32F1xx_HAL_Driver/Src/stm32f1xx_hal_gpio.o
                0x0000000008001288                HAL_GPIO_Init
 .text.HAL_GPIO_WritePin
                0x000000000800157c       0x30 ./Drivers/STM32F1xx_HAL_Driver/Src/stm32f1xx_hal_gpio.o
                0x000000000800157c                HAL_GPIO_WritePin
 .text.HAL_GPIO_TogglePin
                0x00000000080015ac       0x32 ./Drivers/STM32F1xx_HAL_Driver/Src/stm32f1xx_hal_gpio.o
                0x00000000080015ac                HAL_GPIO_TogglePin
 *fill*         0x00000000080015de        0x2 
 .text.HAL_RCC_OscConfig
                0x00000000080015e0      0x500 ./Drivers/STM32F1xx_HAL_Driver/Src/stm32f1xx_hal_rcc.o
                0x00000000080015e0                HAL_RCC_OscConfig
 .text.HAL_RCC_ClockConfig
                0x0000000008001ae0      0x1d4 ./Drivers/STM32F1xx_HAL_Driver/Src/stm32f1xx_hal_rcc.o
                0x0000000008001ae0                HAL_RCC_ClockConfig
 .text.HAL_RCC_GetSysClockFreq
                0x0000000008001cb4       0xa8 ./Drivers/STM32F1xx_HAL_Driver/Src/stm32f1xx_hal_rcc.o
                0x0000000008001cb4                HAL_RCC_GetSysClockFreq
 .text.RCC_Delay
                0x0000000008001d5c       0x3c ./Drivers/STM32F1xx_HAL_Driver/Src/stm32f1xx_hal_rcc.o
 .text.HAL_TIM_Base_Init
                0x0000000008001d98       0x9e ./Drivers/STM32F1xx_HAL_Driver/Src/stm32f1xx_hal_tim.o
                0x0000000008001d98                HAL_TIM_Base_Init
 *fill*         0x0000000008001e36        0x2 
 .text.HAL_TIM_Base_Start_IT
                0x0000000008001e38       0x98 ./Drivers/STM32F1xx_HAL_Driver/Src/stm32f1xx_hal_tim.o
                0x0000000008001e38                HAL_TIM_Base_Start_IT
 .text.HAL_TIM_IRQHandler
                0x0000000008001ed0      0x1e0 ./Drivers/STM32F1xx_HAL_Driver/Src/stm32f1xx_hal_tim.o
                0x0000000008001ed0                HAL_TIM_IRQHandler
 .text.HAL_TIM_ConfigClockSource
                0x00000000080020b0      0x18e ./Drivers/STM32F1xx_HAL_Driver/Src/stm32f1xx_hal_tim.o
                0x00000000080020b0                HAL_TIM_ConfigClockSource
 .text.HAL_TIM_OC_DelayElapsedCallback
                0x000000000800223e       0x12 ./Drivers/STM32F1xx_HAL_Driver/Src/stm32f1xx_hal_tim.o
                0x000000000800223e                HAL_TIM_OC_DelayElapsedCallback
 .text.HAL_TIM_IC_CaptureCallback
                0x0000000008002250       0x12 ./Drivers/STM32F1xx_HAL_Driver/Src/stm32f1xx_hal_tim.o
                0x0000000008002250                HAL_TIM_IC_CaptureCallback
 .text.HAL_TIM_PWM_PulseFinishedCallback
                0x0000000008002262       0x12 ./Drivers/STM32F1xx_HAL_Driver/Src/stm32f1xx_hal_tim.o
                0x0000000008002262                HAL_TIM_PWM_PulseFinishedCallback
 .text.HAL_TIM_TriggerCallback
                0x0000000008002274       0x12 ./Drivers/STM32F1xx_HAL_Driver/Src/stm32f1xx_hal_tim.o
                0x0000000008002274                HAL_TIM_TriggerCallback
 *fill*         0x0000000008002286        0x2 
 .text.TIM_Base_SetConfig
                0x0000000008002288       0xc8 ./Drivers/STM32F1xx_HAL_Driver/Src/stm32f1xx_hal_tim.o
                0x0000000008002288                TIM_Base_SetConfig
 .text.TIM_TI1_ConfigInputStage
                0x0000000008002350       0x5c ./Drivers/STM32F1xx_HAL_Driver/Src/stm32f1xx_hal_tim.o
 .text.TIM_TI2_ConfigInputStage
                0x00000000080023ac       0x5e ./Drivers/STM32F1xx_HAL_Driver/Src/stm32f1xx_hal_tim.o
 .text.TIM_ITRx_SetConfig
                0x000000000800240a       0x34 ./Drivers/STM32F1xx_HAL_Driver/Src/stm32f1xx_hal_tim.o
 .text.TIM_ETR_SetConfig
                0x000000000800243e       0x3e ./Drivers/STM32F1xx_HAL_Driver/Src/stm32f1xx_hal_tim.o
                0x000000000800243e                TIM_ETR_SetConfig
 .text.HAL_TIMEx_MasterConfigSynchronization
                0x000000000800247c       0xb0 ./Drivers/STM32F1xx_HAL_Driver/Src/stm32f1xx_hal_tim_ex.o
                0x000000000800247c                HAL_TIMEx_MasterConfigSynchronization
 .text.HAL_TIMEx_CommutCallback
                0x000000000800252c       0x12 ./Drivers/STM32F1xx_HAL_Driver/Src/stm32f1xx_hal_tim_ex.o
                0x000000000800252c                HAL_TIMEx_CommutCallback
 .text.HAL_TIMEx_BreakCallback
                0x000000000800253e       0x12 ./Drivers/STM32F1xx_HAL_Driver/Src/stm32f1xx_hal_tim_ex.o
                0x000000000800253e                HAL_TIMEx_BreakCallback
 .text.__libc_init_array
                0x0000000008002550       0x48 d:/stmcubeide/stm32cubeide_1.7.0/stm32cubeide/plugins/com.st.stm32cube.ide.mcu.externaltools.gnu-tools-for-stm32.9-2020-q2-update.win32_2.0.0.202105311346/tools/bin/../lib/gcc/arm-none-eabi/9.3.1/../../../../arm-none-eabi/lib/thumb/v7-m/nofp\libc_nano.a(lib_a-init.o)
                0x0000000008002550                __libc_init_array
 .text.memset   0x0000000008002598       0x10 d:/stmcubeide/stm32cubeide_1.7.0/stm32cubeide/plugins/com.st.stm32cube.ide.mcu.externaltools.gnu-tools-for-stm32.9-2020-q2-update.win32_2.0.0.202105311346/tools/bin/../lib/gcc/arm-none-eabi/9.3.1/../../../../arm-none-eabi/lib/thumb/v7-m/nofp\libc_nano.a(lib_a-memset.o)
                0x0000000008002598                memset
 *(.glue_7)
 .glue_7        0x00000000080025a8        0x0 linker stubs
 *(.glue_7t)
 .glue_7t       0x00000000080025a8        0x0 linker stubs
 *(.eh_frame)
 .eh_frame      0x00000000080025a8        0x0 d:/stmcubeide/stm32cubeide_1.7.0/stm32cubeide/plugins/com.st.stm32cube.ide.mcu.externaltools.gnu-tools-for-stm32.9-2020-q2-update.win32_2.0.0.202105311346/tools/bin/../lib/gcc/arm-none-eabi/9.3.1/thumb/v7-m/nofp/crtbegin.o
 *(.init)
 .init          0x00000000080025a8        0x4 d:/stmcubeide/stm32cubeide_1.7.0/stm32cubeide/plugins/com.st.stm32cube.ide.mcu.externaltools.gnu-tools-for-stm32.9-2020-q2-update.win32_2.0.0.202105311346/tools/bin/../lib/gcc/arm-none-eabi/9.3.1/thumb/v7-m/nofp/crti.o
                0x00000000080025a8                _init
 .init          0x00000000080025ac        0x8 d:/stmcubeide/stm32cubeide_1.7.0/stm32cubeide/plugins/com.st.stm32cube.ide.mcu.externaltools.gnu-tools-for-stm32.9-2020-q2-update.win32_2.0.0.202105311346/tools/bin/../lib/gcc/arm-none-eabi/9.3.1/thumb/v7-m/nofp/crtn.o
 *(.fini)
 .fini          0x00000000080025b4        0x4 d:/stmcubeide/stm32cubeide_1.7.0/stm32cubeide/plugins/com.st.stm32cube.ide.mcu.externaltools.gnu-tools-for-stm32.9-2020-q2-update.win32_2.0.0.202105311346/tools/bin/../lib/gcc/arm-none-eabi/9.3.1/thumb/v7-m/nofp/crti.o
                0x00000000080025b4                _fini
 .fini          0x00000000080025b8        0x8 d:/stmcubeide/stm32cubeide_1.7.0/stm32cubeide/plugins/com.st.stm32cube.ide.mcu.externaltools.gnu-tools-for-stm32.9-2020-q2-update.win32_2.0.0.202105311346/tools/bin/../lib/gcc/arm-none-eabi/9.3.1/thumb/v7-m/nofp/crtn.o
                0x00000000080025c0                . = ALIGN (0x4)
                0x00000000080025c0                _etext = .

.vfp11_veneer   0x00000000080025c0        0x0
 .vfp11_veneer  0x00000000080025c0        0x0 linker stubs

.v4_bx          0x00000000080025c0        0x0
 .v4_bx         0x00000000080025c0        0x0 linker stubs

.iplt           0x00000000080025c0        0x0
 .iplt          0x00000000080025c0        0x0 d:/stmcubeide/stm32cubeide_1.7.0/stm32cubeide/plugins/com.st.stm32cube.ide.mcu.externaltools.gnu-tools-for-stm32.9-2020-q2-update.win32_2.0.0.202105311346/tools/bin/../lib/gcc/arm-none-eabi/9.3.1/thumb/v7-m/nofp/crtbegin.o

.rodata         0x00000000080025c0       0x24
                0x00000000080025c0                . = ALIGN (0x4)
 *(.rodata)
 *(.rodata*)
 .rodata.AHBPrescTable
                0x00000000080025c0       0x10 ./Core/Src/system_stm32f1xx.o
                0x00000000080025c0                AHBPrescTable
 .rodata.aPLLMULFactorTable.6032
                0x00000000080025d0       0x10 ./Drivers/STM32F1xx_HAL_Driver/Src/stm32f1xx_hal_rcc.o
 .rodata.aPredivFactorTable.6033
                0x00000000080025e0        0x2 ./Drivers/STM32F1xx_HAL_Driver/Src/stm32f1xx_hal_rcc.o
                0x00000000080025e4                . = ALIGN (0x4)
 *fill*         0x00000000080025e2        0x2 

.rel.dyn        0x00000000080025e4        0x0
 .rel.iplt      0x00000000080025e4        0x0 d:/stmcubeide/stm32cubeide_1.7.0/stm32cubeide/plugins/com.st.stm32cube.ide.mcu.externaltools.gnu-tools-for-stm32.9-2020-q2-update.win32_2.0.0.202105311346/tools/bin/../lib/gcc/arm-none-eabi/9.3.1/thumb/v7-m/nofp/crtbegin.o

.ARM.extab      0x00000000080025e4        0x0
                0x00000000080025e4                . = ALIGN (0x4)
 *(.ARM.extab* .gnu.linkonce.armextab.*)
                0x00000000080025e4                . = ALIGN (0x4)

.ARM            0x00000000080025e4        0x0
                0x00000000080025e4                . = ALIGN (0x4)
                0x00000000080025e4                __exidx_start = .
 *(.ARM.exidx*)
                0x00000000080025e4                __exidx_end = .
                0x00000000080025e4                . = ALIGN (0x4)

.preinit_array  0x00000000080025e4        0x0
                0x00000000080025e4                . = ALIGN (0x4)
                0x00000000080025e4                PROVIDE (__preinit_array_start = .)
 *(.preinit_array*)
                0x00000000080025e4                PROVIDE (__preinit_array_end = .)
                0x00000000080025e4                . = ALIGN (0x4)

.init_array     0x00000000080025e4        0x4
                0x00000000080025e4                . = ALIGN (0x4)
                0x00000000080025e4                PROVIDE (__init_array_start = .)
 *(SORT_BY_NAME(.init_array.*))
 *(.init_array*)
 .init_array    0x00000000080025e4        0x4 d:/stmcubeide/stm32cubeide_1.7.0/stm32cubeide/plugins/com.st.stm32cube.ide.mcu.externaltools.gnu-tools-for-stm32.9-2020-q2-update.win32_2.0.0.202105311346/tools/bin/../lib/gcc/arm-none-eabi/9.3.1/thumb/v7-m/nofp/crtbegin.o
                0x00000000080025e8                PROVIDE (__init_array_end = .)
                0x00000000080025e8                . = ALIGN (0x4)

.fini_array     0x00000000080025e8        0x4
                0x00000000080025e8                . = ALIGN (0x4)
                [!provide]                        PROVIDE (__fini_array_start = .)
 *(SORT_BY_NAME(.fini_array.*))
 *(.fini_array*)
 .fini_array    0x00000000080025e8        0x4 d:/stmcubeide/stm32cubeide_1.7.0/stm32cubeide/plugins/com.st.stm32cube.ide.mcu.externaltools.gnu-tools-for-stm32.9-2020-q2-update.win32_2.0.0.202105311346/tools/bin/../lib/gcc/arm-none-eabi/9.3.1/thumb/v7-m/nofp/crtbegin.o
                [!provide]                        PROVIDE (__fini_array_end = .)
                0x00000000080025ec                . = ALIGN (0x4)
                0x00000000080025ec                _sidata = LOADADDR (.data)

.data           0x0000000020000000       0x34 load address 0x00000000080025ec
                0x0000000020000000                . = ALIGN (0x4)
                0x0000000020000000                _sdata = .
 *(.data)
 *(.data*)
 .data.matrix_buffer
                0x0000000020000000       0x18 ./Core/Src/ex10.o
                0x0000000020000000                matrix_buffer
 .data.led_buffer
                0x0000000020000018       0x10 ./Core/Src/ex8.o
                0x0000000020000018                led_buffer
 .data.SystemCoreClock
                0x0000000020000028        0x4 ./Core/Src/system_stm32f1xx.o
                0x0000000020000028                SystemCoreClock
 .data.uwTickPrio
                0x000000002000002c        0x4 ./Drivers/STM32F1xx_HAL_Driver/Src/stm32f1xx_hal.o
                0x000000002000002c                uwTickPrio
 .data.uwTickFreq
                0x0000000020000030        0x1 ./Drivers/STM32F1xx_HAL_Driver/Src/stm32f1xx_hal.o
                0x0000000020000030                uwTickFreq
 *(.RamFunc)
 *(.RamFunc*)
                0x0000000020000034                . = ALIGN (0x4)
 *fill*         0x0000000020000031        0x3 
                0x0000000020000034                _edata = .

.igot.plt       0x0000000020000034        0x0 load address 0x0000000008002620
 .igot.plt      0x0000000020000034        0x0 d:/stmcubeide/stm32cubeide_1.7.0/stm32cubeide/plugins/com.st.stm32cube.ide.mcu.externaltools.gnu-tools-for-stm32.9-2020-q2-update.win32_2.0.0.202105311346/tools/bin/../lib/gcc/arm-none-eabi/9.3.1/thumb/v7-m/nofp/crtbegin.o
                0x0000000020000034                . = ALIGN (0x4)

.bss            0x0000000020000034       0x90 load address 0x0000000008002620
                0x0000000020000034                _sbss = .
                0x0000000020000034                __bss_start__ = _sbss
 *(.bss)
 .bss           0x0000000020000034       0x1c d:/stmcubeide/stm32cubeide_1.7.0/stm32cubeide/plugins/com.st.stm32cube.ide.mcu.externaltools.gnu-tools-for-stm32.9-2020-q2-update.win32_2.0.0.202105311346/tools/bin/../lib/gcc/arm-none-eabi/9.3.1/thumb/v7-m/nofp/crtbegin.o
 *(.bss*)
 .bss.index_led_matrix
                0x0000000020000050        0x4 ./Core/Src/ex10.o
                0x0000000020000050                index_led_matrix
 .bss.index_led
                0x0000000020000054        0x4 ./Core/Src/ex8.o
                0x0000000020000054                index_led
 .bss.minute    0x0000000020000058        0x4 ./Core/Src/ex8.o
                0x0000000020000058                minute
 .bss.hour      0x000000002000005c        0x4 ./Core/Src/ex8.o
                0x000000002000005c                hour
 .bss.timer0_flag
                0x0000000020000060        0x4 ./Core/Src/software_interrupt.o
                0x0000000020000060                timer0_flag
 .bss.timer0_counter
                0x0000000020000064        0x4 ./Core/Src/software_interrupt.o
                0x0000000020000064                timer0_counter
 .bss.timer1_flag
                0x0000000020000068        0x4 ./Core/Src/software_interrupt.o
                0x0000000020000068                timer1_flag
 .bss.timer1_counter
                0x000000002000006c        0x4 ./Core/Src/software_interrupt.o
                0x000000002000006c                timer1_counter
 .bss.timer2_flag
                0x0000000020000070        0x4 ./Core/Src/software_interrupt.o
                0x0000000020000070                timer2_flag
 .bss.timer2_counter
                0x0000000020000074        0x4 ./Core/Src/software_interrupt.o
                0x0000000020000074                timer2_counter
 *(COMMON)
 COMMON         0x0000000020000078       0x48 ./Core/Src/main.o
                0x0000000020000078                htim2
 COMMON         0x00000000200000c0        0x4 ./Drivers/STM32F1xx_HAL_Driver/Src/stm32f1xx_hal.o
                0x00000000200000c0                uwTick
                0x00000000200000c4                . = ALIGN (0x4)
                0x00000000200000c4                _ebss = .
                0x00000000200000c4                __bss_end__ = _ebss

._user_heap_stack
                0x00000000200000c4      0x604 load address 0x0000000008002620
                0x00000000200000c8                . = ALIGN (0x8)
 *fill*         0x00000000200000c4        0x4 
                [!provide]                        PROVIDE (end = .)
                0x00000000200000c8                PROVIDE (_end = .)
                0x00000000200002c8                . = (. + _Min_Heap_Size)
 *fill*         0x00000000200000c8      0x200 
                0x00000000200006c8                . = (. + _Min_Stack_Size)
 *fill*         0x00000000200002c8      0x400 
                0x00000000200006c8                . = ALIGN (0x8)

/DISCARD/
 libc.a(*)
 libm.a(*)
 libgcc.a(*)

.ARM.attributes
                0x0000000000000000       0x29
 *(.ARM.attributes)
 .ARM.attributes
                0x0000000000000000       0x1d d:/stmcubeide/stm32cubeide_1.7.0/stm32cubeide/plugins/com.st.stm32cube.ide.mcu.externaltools.gnu-tools-for-stm32.9-2020-q2-update.win32_2.0.0.202105311346/tools/bin/../lib/gcc/arm-none-eabi/9.3.1/thumb/v7-m/nofp/crti.o
 .ARM.attributes
                0x000000000000001d       0x2d d:/stmcubeide/stm32cubeide_1.7.0/stm32cubeide/plugins/com.st.stm32cube.ide.mcu.externaltools.gnu-tools-for-stm32.9-2020-q2-update.win32_2.0.0.202105311346/tools/bin/../lib/gcc/arm-none-eabi/9.3.1/thumb/v7-m/nofp/crtbegin.o
 .ARM.attributes
                0x000000000000004a       0x2d ./Core/Src/ex10.o
 .ARM.attributes
                0x0000000000000077       0x2d ./Core/Src/ex8.o
 .ARM.attributes
                0x00000000000000a4       0x2d ./Core/Src/main.o
 .ARM.attributes
                0x00000000000000d1       0x2d ./Core/Src/software_interrupt.o
 .ARM.attributes
                0x00000000000000fe       0x2d ./Core/Src/stm32f1xx_hal_msp.o
 .ARM.attributes
                0x000000000000012b       0x2d ./Core/Src/stm32f1xx_it.o
 .ARM.attributes
                0x0000000000000158       0x2d ./Core/Src/system_stm32f1xx.o
 .ARM.attributes
                0x0000000000000185       0x21 ./Core/Startup/startup_stm32f103c6ux.o
 .ARM.attributes
                0x00000000000001a6       0x2d ./Drivers/STM32F1xx_HAL_Driver/Src/stm32f1xx_hal.o
 .ARM.attributes
                0x00000000000001d3       0x2d ./Drivers/STM32F1xx_HAL_Driver/Src/stm32f1xx_hal_cortex.o
 .ARM.attributes
                0x0000000000000200       0x2d ./Drivers/STM32F1xx_HAL_Driver/Src/stm32f1xx_hal_gpio.o
 .ARM.attributes
                0x000000000000022d       0x2d ./Drivers/STM32F1xx_HAL_Driver/Src/stm32f1xx_hal_rcc.o
 .ARM.attributes
                0x000000000000025a       0x2d ./Drivers/STM32F1xx_HAL_Driver/Src/stm32f1xx_hal_tim.o
 .ARM.attributes
                0x0000000000000287       0x2d ./Drivers/STM32F1xx_HAL_Driver/Src/stm32f1xx_hal_tim_ex.o
 .ARM.attributes
                0x00000000000002b4       0x2d d:/stmcubeide/stm32cubeide_1.7.0/stm32cubeide/plugins/com.st.stm32cube.ide.mcu.externaltools.gnu-tools-for-stm32.9-2020-q2-update.win32_2.0.0.202105311346/tools/bin/../lib/gcc/arm-none-eabi/9.3.1/../../../../arm-none-eabi/lib/thumb/v7-m/nofp\libc_nano.a(lib_a-init.o)
 .ARM.attributes
                0x00000000000002e1       0x2d d:/stmcubeide/stm32cubeide_1.7.0/stm32cubeide/plugins/com.st.stm32cube.ide.mcu.externaltools.gnu-tools-for-stm32.9-2020-q2-update.win32_2.0.0.202105311346/tools/bin/../lib/gcc/arm-none-eabi/9.3.1/../../../../arm-none-eabi/lib/thumb/v7-m/nofp\libc_nano.a(lib_a-memset.o)
 .ARM.attributes
                0x000000000000030e       0x1d d:/stmcubeide/stm32cubeide_1.7.0/stm32cubeide/plugins/com.st.stm32cube.ide.mcu.externaltools.gnu-tools-for-stm32.9-2020-q2-update.win32_2.0.0.202105311346/tools/bin/../lib/gcc/arm-none-eabi/9.3.1/thumb/v7-m/nofp/crtn.o
OUTPUT(VXL-LAB2.elf elf32-littlearm)
LOAD linker stubs
LOAD d:/stmcubeide/stm32cubeide_1.7.0/stm32cubeide/plugins/com.st.stm32cube.ide.mcu.externaltools.gnu-tools-for-stm32.9-2020-q2-update.win32_2.0.0.202105311346/tools/bin/../lib/gcc/arm-none-eabi/9.3.1/../../../../arm-none-eabi/lib/thumb/v7-m/nofp\libc.a
LOAD d:/stmcubeide/stm32cubeide_1.7.0/stm32cubeide/plugins/com.st.stm32cube.ide.mcu.externaltools.gnu-tools-for-stm32.9-2020-q2-update.win32_2.0.0.202105311346/tools/bin/../lib/gcc/arm-none-eabi/9.3.1/../../../../arm-none-eabi/lib/thumb/v7-m/nofp\libm.a
LOAD d:/stmcubeide/stm32cubeide_1.7.0/stm32cubeide/plugins/com.st.stm32cube.ide.mcu.externaltools.gnu-tools-for-stm32.9-2020-q2-update.win32_2.0.0.202105311346/tools/bin/../lib/gcc/arm-none-eabi/9.3.1/thumb/v7-m/nofp\libgcc.a

.debug_info     0x0000000000000000     0x8cbf
 .debug_info    0x0000000000000000      0x34c ./Core/Src/ex10.o
 .debug_info    0x000000000000034c      0x344 ./Core/Src/ex8.o
 .debug_info    0x0000000000000690      0xbe6 ./Core/Src/main.o
 .debug_info    0x0000000000001276      0x158 ./Core/Src/software_interrupt.o
 .debug_info    0x00000000000013ce      0xa09 ./Core/Src/stm32f1xx_hal_msp.o
 .debug_info    0x0000000000001dd7      0x7b9 ./Core/Src/stm32f1xx_it.o
 .debug_info    0x0000000000002590      0x2be ./Core/Src/system_stm32f1xx.o
 .debug_info    0x000000000000284e       0x22 ./Core/Startup/startup_stm32f103c6ux.o
 .debug_info    0x0000000000002870      0x74c ./Drivers/STM32F1xx_HAL_Driver/Src/stm32f1xx_hal.o
 .debug_info    0x0000000000002fbc      0xbbe ./Drivers/STM32F1xx_HAL_Driver/Src/stm32f1xx_hal_cortex.o
 .debug_info    0x0000000000003b7a      0x701 ./Drivers/STM32F1xx_HAL_Driver/Src/stm32f1xx_hal_gpio.o
 .debug_info    0x000000000000427b      0x893 ./Drivers/STM32F1xx_HAL_Driver/Src/stm32f1xx_hal_rcc.o
 .debug_info    0x0000000000004b0e     0x2c32 ./Drivers/STM32F1xx_HAL_Driver/Src/stm32f1xx_hal_tim.o
 .debug_info    0x0000000000007740     0x157f ./Drivers/STM32F1xx_HAL_Driver/Src/stm32f1xx_hal_tim_ex.o

.debug_abbrev   0x0000000000000000     0x18e4
 .debug_abbrev  0x0000000000000000      0x18d ./Core/Src/ex10.o
 .debug_abbrev  0x000000000000018d      0x19e ./Core/Src/ex8.o
 .debug_abbrev  0x000000000000032b      0x24a ./Core/Src/main.o
 .debug_abbrev  0x0000000000000575       0xc3 ./Core/Src/software_interrupt.o
 .debug_abbrev  0x0000000000000638      0x1b7 ./Core/Src/stm32f1xx_hal_msp.o
 .debug_abbrev  0x00000000000007ef      0x176 ./Core/Src/stm32f1xx_it.o
 .debug_abbrev  0x0000000000000965      0x14e ./Core/Src/system_stm32f1xx.o
 .debug_abbrev  0x0000000000000ab3       0x12 ./Core/Startup/startup_stm32f103c6ux.o
 .debug_abbrev  0x0000000000000ac5      0x1ed ./Drivers/STM32F1xx_HAL_Driver/Src/stm32f1xx_hal.o
 .debug_abbrev  0x0000000000000cb2      0x313 ./Drivers/STM32F1xx_HAL_Driver/Src/stm32f1xx_hal_cortex.o
 .debug_abbrev  0x0000000000000fc5      0x1e8 ./Drivers/STM32F1xx_HAL_Driver/Src/stm32f1xx_hal_gpio.o
 .debug_abbrev  0x00000000000011ad      0x273 ./Drivers/STM32F1xx_HAL_Driver/Src/stm32f1xx_hal_rcc.o
 .debug_abbrev  0x0000000000001420      0x25e ./Drivers/STM32F1xx_HAL_Driver/Src/stm32f1xx_hal_tim.o
 .debug_abbrev  0x000000000000167e      0x266 ./Drivers/STM32F1xx_HAL_Driver/Src/stm32f1xx_hal_tim_ex.o

.debug_aranges  0x0000000000000000      0x9f0
 .debug_aranges
                0x0000000000000000       0x38 ./Core/Src/ex10.o
 .debug_aranges
                0x0000000000000038       0x40 ./Core/Src/ex8.o
 .debug_aranges
                0x0000000000000078       0x48 ./Core/Src/main.o
 .debug_aranges
                0x00000000000000c0       0x48 ./Core/Src/software_interrupt.o
 .debug_aranges
                0x0000000000000108       0x30 ./Core/Src/stm32f1xx_hal_msp.o
 .debug_aranges
                0x0000000000000138       0x68 ./Core/Src/stm32f1xx_it.o
 .debug_aranges
                0x00000000000001a0       0x28 ./Core/Src/system_stm32f1xx.o
 .debug_aranges
                0x00000000000001c8       0x28 ./Core/Startup/startup_stm32f103c6ux.o
 .debug_aranges
                0x00000000000001f0       0xe0 ./Drivers/STM32F1xx_HAL_Driver/Src/stm32f1xx_hal.o
 .debug_aranges
                0x00000000000002d0      0x100 ./Drivers/STM32F1xx_HAL_Driver/Src/stm32f1xx_hal_cortex.o
 .debug_aranges
                0x00000000000003d0       0x58 ./Drivers/STM32F1xx_HAL_Driver/Src/stm32f1xx_hal_gpio.o
 .debug_aranges
                0x0000000000000428       0x90 ./Drivers/STM32F1xx_HAL_Driver/Src/stm32f1xx_hal_rcc.o
 .debug_aranges
                0x00000000000004b8      0x3d0 ./Drivers/STM32F1xx_HAL_Driver/Src/stm32f1xx_hal_tim.o
 .debug_aranges
                0x0000000000000888      0x168 ./Drivers/STM32F1xx_HAL_Driver/Src/stm32f1xx_hal_tim_ex.o

.debug_ranges   0x0000000000000000      0x918
 .debug_ranges  0x0000000000000000       0x28 ./Core/Src/ex10.o
 .debug_ranges  0x0000000000000028       0x30 ./Core/Src/ex8.o
 .debug_ranges  0x0000000000000058       0x38 ./Core/Src/main.o
 .debug_ranges  0x0000000000000090       0x38 ./Core/Src/software_interrupt.o
 .debug_ranges  0x00000000000000c8       0x20 ./Core/Src/stm32f1xx_hal_msp.o
 .debug_ranges  0x00000000000000e8       0x58 ./Core/Src/stm32f1xx_it.o
 .debug_ranges  0x0000000000000140       0x18 ./Core/Src/system_stm32f1xx.o
 .debug_ranges  0x0000000000000158       0x20 ./Core/Startup/startup_stm32f103c6ux.o
 .debug_ranges  0x0000000000000178       0xd0 ./Drivers/STM32F1xx_HAL_Driver/Src/stm32f1xx_hal.o
 .debug_ranges  0x0000000000000248       0xf0 ./Drivers/STM32F1xx_HAL_Driver/Src/stm32f1xx_hal_cortex.o
 .debug_ranges  0x0000000000000338       0x48 ./Drivers/STM32F1xx_HAL_Driver/Src/stm32f1xx_hal_gpio.o
 .debug_ranges  0x0000000000000380       0x80 ./Drivers/STM32F1xx_HAL_Driver/Src/stm32f1xx_hal_rcc.o
 .debug_ranges  0x0000000000000400      0x3c0 ./Drivers/STM32F1xx_HAL_Driver/Src/stm32f1xx_hal_tim.o
 .debug_ranges  0x00000000000007c0      0x158 ./Drivers/STM32F1xx_HAL_Driver/Src/stm32f1xx_hal_tim_ex.o

.debug_macro    0x0000000000000000    0x1670d
 .debug_macro   0x0000000000000000      0x1b0 ./Core/Src/ex10.o
 .debug_macro   0x00000000000001b0      0xa9c ./Core/Src/ex10.o
 .debug_macro   0x0000000000000c4c      0x215 ./Core/Src/ex10.o
 .debug_macro   0x0000000000000e61       0x2e ./Core/Src/ex10.o
 .debug_macro   0x0000000000000e8f       0x22 ./Core/Src/ex10.o
 .debug_macro   0x0000000000000eb1       0x22 ./Core/Src/ex10.o
 .debug_macro   0x0000000000000ed3       0x8e ./Core/Src/ex10.o
 .debug_macro   0x0000000000000f61       0x51 ./Core/Src/ex10.o
 .debug_macro   0x0000000000000fb2      0x103 ./Core/Src/ex10.o
 .debug_macro   0x00000000000010b5       0x6a ./Core/Src/ex10.o
 .debug_macro   0x000000000000111f      0x1df ./Core/Src/ex10.o
 .debug_macro   0x00000000000012fe       0x1c ./Core/Src/ex10.o
 .debug_macro   0x000000000000131a       0x22 ./Core/Src/ex10.o
 .debug_macro   0x000000000000133c       0xc3 ./Core/Src/ex10.o
 .debug_macro   0x00000000000013ff      0xd23 ./Core/Src/ex10.o
 .debug_macro   0x0000000000002122     0xde75 ./Core/Src/ex10.o
 .debug_macro   0x000000000000ff97       0x6d ./Core/Src/ex10.o
 .debug_macro   0x0000000000010004     0x34a2 ./Core/Src/ex10.o
 .debug_macro   0x00000000000134a6      0x174 ./Core/Src/ex10.o
 .debug_macro   0x000000000001361a       0x5c ./Core/Src/ex10.o
 .debug_macro   0x0000000000013676      0x5bc ./Core/Src/ex10.o
 .debug_macro   0x0000000000013c32      0x1b7 ./Core/Src/ex10.o
 .debug_macro   0x0000000000013de9      0x1cb ./Core/Src/ex10.o
 .debug_macro   0x0000000000013fb4      0x114 ./Core/Src/ex10.o
 .debug_macro   0x00000000000140c8      0x1b2 ./Core/Src/ex10.o
 .debug_macro   0x000000000001427a       0x27 ./Core/Src/ex10.o
 .debug_macro   0x00000000000142a1      0x12f ./Core/Src/ex10.o
 .debug_macro   0x00000000000143d0      0x1bc ./Core/Src/ex10.o
 .debug_macro   0x000000000001458c       0x34 ./Core/Src/ex10.o
 .debug_macro   0x00000000000145c0       0x3c ./Core/Src/ex10.o
 .debug_macro   0x00000000000145fc       0x57 ./Core/Src/ex10.o
 .debug_macro   0x0000000000014653       0x87 ./Core/Src/ex10.o
 .debug_macro   0x00000000000146da      0x183 ./Core/Src/ex10.o
 .debug_macro   0x000000000001485d      0x140 ./Core/Src/ex10.o
 .debug_macro   0x000000000001499d      0x8ed ./Core/Src/ex10.o
 .debug_macro   0x000000000001528a       0x69 ./Core/Src/ex10.o
 .debug_macro   0x00000000000152f3      0x160 ./Core/Src/ex10.o
 .debug_macro   0x0000000000015453      0x1b0 ./Core/Src/ex8.o
 .debug_macro   0x0000000000015603      0x1c7 ./Core/Src/main.o
 .debug_macro   0x00000000000157ca       0x10 ./Core/Src/main.o
 .debug_macro   0x00000000000157da       0x1a ./Core/Src/software_interrupt.o
 .debug_macro   0x00000000000157f4      0x1a6 ./Core/Src/stm32f1xx_hal_msp.o
 .debug_macro   0x000000000001599a      0x1b0 ./Core/Src/stm32f1xx_it.o
 .debug_macro   0x0000000000015b4a      0x197 ./Core/Src/system_stm32f1xx.o
 .debug_macro   0x0000000000015ce1      0x1bb ./Drivers/STM32F1xx_HAL_Driver/Src/stm32f1xx_hal.o
 .debug_macro   0x0000000000015e9c      0x197 ./Drivers/STM32F1xx_HAL_Driver/Src/stm32f1xx_hal_cortex.o
 .debug_macro   0x0000000000016033      0x202 ./Drivers/STM32F1xx_HAL_Driver/Src/stm32f1xx_hal_gpio.o
 .debug_macro   0x0000000000016235      0x1a9 ./Drivers/STM32F1xx_HAL_Driver/Src/stm32f1xx_hal_rcc.o
 .debug_macro   0x00000000000163de      0x198 ./Drivers/STM32F1xx_HAL_Driver/Src/stm32f1xx_hal_tim.o
 .debug_macro   0x0000000000016576      0x197 ./Drivers/STM32F1xx_HAL_Driver/Src/stm32f1xx_hal_tim_ex.o

.debug_line     0x0000000000000000     0xa510
 .debug_line    0x0000000000000000      0x7af ./Core/Src/ex10.o
 .debug_line    0x00000000000007af      0x783 ./Core/Src/ex8.o
 .debug_line    0x0000000000000f32      0x809 ./Core/Src/main.o
 .debug_line    0x000000000000173b      0x12e ./Core/Src/software_interrupt.o
 .debug_line    0x0000000000001869      0x6c1 ./Core/Src/stm32f1xx_hal_msp.o
 .debug_line    0x0000000000001f2a      0x75f ./Core/Src/stm32f1xx_it.o
 .debug_line    0x0000000000002689      0x703 ./Core/Src/system_stm32f1xx.o
 .debug_line    0x0000000000002d8c       0x86 ./Core/Startup/startup_stm32f103c6ux.o
 .debug_line    0x0000000000002e12      0x930 ./Drivers/STM32F1xx_HAL_Driver/Src/stm32f1xx_hal.o
 .debug_line    0x0000000000003742      0xb18 ./Drivers/STM32F1xx_HAL_Driver/Src/stm32f1xx_hal_cortex.o
 .debug_line    0x000000000000425a      0x9b3 ./Drivers/STM32F1xx_HAL_Driver/Src/stm32f1xx_hal_gpio.o
 .debug_line    0x0000000000004c0d      0xd3c ./Drivers/STM32F1xx_HAL_Driver/Src/stm32f1xx_hal_rcc.o
 .debug_line    0x0000000000005949     0x3381 ./Drivers/STM32F1xx_HAL_Driver/Src/stm32f1xx_hal_tim.o
 .debug_line    0x0000000000008cca     0x1846 ./Drivers/STM32F1xx_HAL_Driver/Src/stm32f1xx_hal_tim_ex.o

.debug_str      0x0000000000000000    0x823df
 .debug_str     0x0000000000000000    0x7f92a ./Core/Src/ex10.o
                                      0x7fc67 (size before relaxing)
 .debug_str     0x000000000007f92a       0x9c ./Core/Src/ex8.o
                                      0x7fc6d (size before relaxing)
 .debug_str     0x000000000007f9c6      0x734 ./Core/Src/main.o
                                      0x803ea (size before relaxing)
 .debug_str     0x00000000000800fa       0x93 ./Core/Src/software_interrupt.o
                                       0x2e34 (size before relaxing)
 .debug_str     0x000000000008018d      0x2ba ./Core/Src/stm32f1xx_hal_msp.o
                                      0x803bf (size before relaxing)
 .debug_str     0x0000000000080447       0xcd ./Core/Src/stm32f1xx_it.o
                                      0x80121 (size before relaxing)
 .debug_str     0x0000000000080514       0x52 ./Core/Src/system_stm32f1xx.o
                                      0x7f772 (size before relaxing)
 .debug_str     0x0000000000080566       0x36 ./Core/Startup/startup_stm32f103c6ux.o
                                         0x66 (size before relaxing)
 .debug_str     0x000000000008059c      0x304 ./Drivers/STM32F1xx_HAL_Driver/Src/stm32f1xx_hal.o
                                      0x7fdc9 (size before relaxing)
 .debug_str     0x00000000000808a0      0x300 ./Drivers/STM32F1xx_HAL_Driver/Src/stm32f1xx_hal_cortex.o
                                      0x7fdd1 (size before relaxing)
 .debug_str     0x0000000000080ba0      0x324 ./Drivers/STM32F1xx_HAL_Driver/Src/stm32f1xx_hal_gpio.o
                                      0x7fb36 (size before relaxing)
 .debug_str     0x0000000000080ec4      0x24f ./Drivers/STM32F1xx_HAL_Driver/Src/stm32f1xx_hal_rcc.o
                                      0x7fb6f (size before relaxing)
 .debug_str     0x0000000000081113      0xdde ./Drivers/STM32F1xx_HAL_Driver/Src/stm32f1xx_hal_tim.o
                                      0x80b58 (size before relaxing)
 .debug_str     0x0000000000081ef1      0x4ee ./Drivers/STM32F1xx_HAL_Driver/Src/stm32f1xx_hal_tim_ex.o
                                      0x802f9 (size before relaxing)

.comment        0x0000000000000000       0x53
 .comment       0x0000000000000000       0x53 ./Core/Src/ex10.o
                                         0x54 (size before relaxing)
 .comment       0x0000000000000053       0x54 ./Core/Src/ex8.o
 .comment       0x0000000000000053       0x54 ./Core/Src/main.o
 .comment       0x0000000000000053       0x54 ./Core/Src/software_interrupt.o
 .comment       0x0000000000000053       0x54 ./Core/Src/stm32f1xx_hal_msp.o
 .comment       0x0000000000000053       0x54 ./Core/Src/stm32f1xx_it.o
 .comment       0x0000000000000053       0x54 ./Core/Src/system_stm32f1xx.o
 .comment       0x0000000000000053       0x54 ./Drivers/STM32F1xx_HAL_Driver/Src/stm32f1xx_hal.o
 .comment       0x0000000000000053       0x54 ./Drivers/STM32F1xx_HAL_Driver/Src/stm32f1xx_hal_cortex.o
 .comment       0x0000000000000053       0x54 ./Drivers/STM32F1xx_HAL_Driver/Src/stm32f1xx_hal_gpio.o
 .comment       0x0000000000000053       0x54 ./Drivers/STM32F1xx_HAL_Driver/Src/stm32f1xx_hal_rcc.o
 .comment       0x0000000000000053       0x54 ./Drivers/STM32F1xx_HAL_Driver/Src/stm32f1xx_hal_tim.o
 .comment       0x0000000000000053       0x54 ./Drivers/STM32F1xx_HAL_Driver/Src/stm32f1xx_hal_tim_ex.o

.debug_frame    0x0000000000000000     0x2800
 .debug_frame   0x0000000000000000       0x9c ./Core/Src/ex10.o
 .debug_frame   0x000000000000009c       0xb4 ./Core/Src/ex8.o
 .debug_frame   0x0000000000000150       0xd8 ./Core/Src/main.o
 .debug_frame   0x0000000000000228       0xe8 ./Core/Src/software_interrupt.o
 .debug_frame   0x0000000000000310       0x80 ./Core/Src/stm32f1xx_hal_msp.o
 .debug_frame   0x0000000000000390      0x120 ./Core/Src/stm32f1xx_it.o
 .debug_frame   0x00000000000004b0       0x58 ./Core/Src/system_stm32f1xx.o
 .debug_frame   0x0000000000000508      0x334 ./Drivers/STM32F1xx_HAL_Driver/Src/stm32f1xx_hal.o
 .debug_frame   0x000000000000083c      0x428 ./Drivers/STM32F1xx_HAL_Driver/Src/stm32f1xx_hal_cortex.o
 .debug_frame   0x0000000000000c64      0x14c ./Drivers/STM32F1xx_HAL_Driver/Src/stm32f1xx_hal_gpio.o
 .debug_frame   0x0000000000000db0      0x218 ./Drivers/STM32F1xx_HAL_Driver/Src/stm32f1xx_hal_rcc.o
 .debug_frame   0x0000000000000fc8     0x11b4 ./Drivers/STM32F1xx_HAL_Driver/Src/stm32f1xx_hal_tim.o
 .debug_frame   0x000000000000217c      0x638 ./Drivers/STM32F1xx_HAL_Driver/Src/stm32f1xx_hal_tim_ex.o
 .debug_frame   0x00000000000027b4       0x2c d:/stmcubeide/stm32cubeide_1.7.0/stm32cubeide/plugins/com.st.stm32cube.ide.mcu.externaltools.gnu-tools-for-stm32.9-2020-q2-update.win32_2.0.0.202105311346/tools/bin/../lib/gcc/arm-none-eabi/9.3.1/../../../../arm-none-eabi/lib/thumb/v7-m/nofp\libc_nano.a(lib_a-init.o)
 .debug_frame   0x00000000000027e0       0x20 d:/stmcubeide/stm32cubeide_1.7.0/stm32cubeide/plugins/com.st.stm32cube.ide.mcu.externaltools.gnu-tools-for-stm32.9-2020-q2-update.win32_2.0.0.202105311346/tools/bin/../lib/gcc/arm-none-eabi/9.3.1/../../../../arm-none-eabi/lib/thumb/v7-m/nofp\libc_nano.a(lib_a-memset.o)
